// Jest Snapshot v1, https://goo.gl/fbAQLP

exports[`complex structure deeply nested 1`] = `
<div
  className="max-w-sm rounded overflow-hidden shadow-lg"
>
  <img
    alt="Sunset in the mountains"
    className="w-full"
    src="https://tailwindcss.com/img/card-top.jpg"
  />
  <div
    className="px-6 py-4"
  >
    <div
      className="font-bold text-xl mb-2"
    >
      The Coldest Sunset
    </div>
    <p
      className="text-grey-darker text-base"
    >
      Lorem ipsum dolor sit amet, consectetur adipisicing elit. Voluptatibus quia, nulla! Maiores et perferendis eaque, exercitationem praesentium nihil.
    </p>
  </div>
  <div
    className="px-6 py-4"
  >
    <span
      className="inline-block bg-grey-lighter rounded-full px-3 py-1 text-sm font-semibold text-grey-darker mr-2"
    >
      #photography
    </span>
    <span
      className="inline-block bg-grey-lighter rounded-full px-3 py-1 text-sm font-semibold text-grey-darker mr-2"
    >
      #travel
    </span>
    <span
      className="inline-block bg-grey-lighter rounded-full px-3 py-1 text-sm font-semibold text-grey-darker"
    >
      #winter
    </span>
  </div>
</div>
`;
